// Jest Snapshot v1, https://goo.gl/fbAQLP

exports[`Storyshots Copyright default 1`] = `
<div
  className="hmCopyright"
>
  Â© 1990 H.M.
</div>
`;

exports[`Storyshots Footer default 1`] = `
<footer
  className="footer hmFooter"
>
  <div
    className="container hmContainer"
  >
    <nav
      className="level"
    >
      <div
        className="level-left"
      >
        <div />
      </div>
      <div
        className="level-right"
      >
        <div
          className="level-item"
        >
          <div />
        </div>
      </div>
    </nav>
  </div>
</footer>
`;

exports[`Storyshots Home default 1`] = `
<div
  className="hmHome"
>
  <div
    className="container hmContainer"
  >
    <h1
      className="title"
    >
      HONGBO MIAO
    </h1>
    <a
      className="hmContent"
      href="https://github.com/hongbo-miao/hongbomiao.com"
      rel="noopener noreferrer"
      target="_blank"
    >
      <img
        alt="Magical Hat"
        className="hmEmoji"
        src="hat.png"
      />
      <div
        className="hmText"
      >
        Making magic happen
      </div>
      <img
        alt="Magic"
        className="hmEmoji"
        src="magic.png"
      />
    </a>
  </div>
</div>
`;

exports[`Storyshots SocialList default 1`] = `
Array [
  <div
    className="level-item"
  >
    <a
      href="https://www.pinterest.com/hongbo_miao/"
      rel="noopener noreferrer"
      target="_blank"
    >
      <img
        alt="Pinterest"
        className="hmLogo"
        src="pinterest.svg"
      />
    </a>
  </div>,
  <div
    className="level-item"
  >
    <a
      href="https://github.com/hongbo-miao/"
      rel="noopener noreferrer"
      target="_blank"
    >
      <img
        alt="GitHub"
        className="hmLogo"
        src="github.svg"
      />
    </a>
  </div>,
  <div
    className="level-item"
  >
    <a
      href="https://twitter.com/hongbo_miao/"
      rel="noopener noreferrer"
      target="_blank"
    >
      <img
        alt="Twitter"
        className="hmLogo"
        src="twitter.svg"
      />
    </a>
  </div>,
  <div
    className="level-item"
  >
    <a
      href="https://www.linkedin.com/in/hongbomiao/"
      rel="noopener noreferrer"
      target="_blank"
    >
      <img
        alt="LinkedIn"
        className="hmLogo"
        src="linkedin.svg"
      />
    </a>
  </div>,
]
`;

exports[`Storyshots SocialList empty 1`] = `null`;
